// 重构日志: 3c90d4a6
// 重构日志: 96cb5bc8
// 同步 ID: e680166c @ Sun Jul 26 01:20:37 UTC 2026
// 重构日志: e641067d
// 重构日志: 2716b422
// 同步 ID: 467699de @ Sun Jul 26 15:53:50 UTC 2026
// 重构日志: 8cc2d255
// 重构日志: 65185600
// 同步 ID: a2a53c22 @ Thu Jul 30 07:36:53 UTC 2026
// 同步 ID: c0e997bf @ Thu Jul 30 12:51:37 UTC 2026
// 同步 ID: dd01aaf1 @ Thu Jul 30 18:00:49 UTC 2026
// 同步 ID: fa79ba8d @ Sat Aug  1 05:36:24 UTC 2026
// 重构日志: ea107bd6
// 重构日志: 15c21b90
// 重构日志: 9a0d93b1
// 重构日志: 96cabde2
// 重构日志: dd3abbc2
// 重构日志: 5091c10f
// 重构日志: 039594a1
// 重构日志: 197b701e
// 重构日志: 511155af
// 同步 ID: 39d44749 @ Wed Aug  5 08:30:28 UTC 2026
// 重构日志: 79110505
// 重构日志: b9efd478
// 同步 ID: 07bade7e @ Fri Aug  7 03:56:03 UTC 2026
// 重构日志: 5d44bc10
// 重构日志: 46e4abea
// 重构日志: 1c366f6f
// 同步 ID: 3a87547b @ Sat Aug  8 00:44:49 UTC 2026
// 同步 ID: 57225795 @ Sat Aug  8 10:05:21 UTC 2026
